[www.gropia.net/index.html]
[backblue.gif]
[fade.gif]
[index.html]
[www.gropia.net/assets/uploads/images/landing/logo/z6C1X3m1J3S3.png]
[www.gropia.net/main/themes/default/theme/assets/css/fontawesome-all.min91c4.css]
[www.gropia.net/main/themes/default/theme/assets/fonts/import/Poppins91c4.css]
[www.gropia.net/main/themes/default/theme/assets/fonts/import/Nunito91c4.css]
[www.gropia.net/main/themes/default/theme/assets/libraries/sweatalert2/sweatalert291c4.css]
[cdn.jsdelivr.net/npm/select2@4.1.0-rc.0/dist/css/select2.min.css]
[www.gropia.net/main/themes/default/theme/assets/css/main.min91c4.css]
[www.gropia.net/main/themes/default/theme/assets/css/dark91c4.css]
[www.gropia.net/main/themes/default/theme/assets/css/owl.carousel.min91c4.css]
[www.gropia.net/main/themes/default/theme/assets/css/owl.theme.default.min91c4.css]
[www.gropia.net/assets/uploads/images/landing/images/default/o3U3U2x4N5Z6.jpg]
[external.html]
[www.gropia.net/login2840.html]
[www.gropia.net/magaza/emekskyblock/1.html]
[www.gropia.net/yardim-merkezi.html]
[www.gropia.net/login8c7d.html]
[www.gropia.net/banned.html]
[www.gropia.net/kurallar.html]
[www.gropia.net/giris-yap.html]
[www.gropia.net/kayit-ol.html]
[www.gropia.net/haberler]
[www.gropia.net/assets/uploads/images/landing/images/default/m4L5P8a10N10D7.jpg]
[www.minexon.net/assets/images/fav-ico.png]
[www.gropia.net/login3e96.html]
[www.gropia.net/loginf762.html]
[www.gropia.net/login9a1a.html]
[www.gropia.net/login1f63.html]
[www.gropia.net/login73c2.html]
[www.gropia.net/loginaacf.html]
[www.gropia.net/login44d3.html]
[www.gropia.net/assets/uploads/images/landing/images/default/dirt.png]
[code.jquery.com/jquery-3.6.0.min.js]
[cdnjs.cloudflare.com/ajax/libs/twitter-bootstrap/4.5.2/js/bootstrap.bundle.min.js]
[www.gropia.net/main/themes/default/theme/assets/libraries/sweatalert2/sweatalert2.js]
[cdnjs.cloudflare.com/ajax/libs/OwlCarousel2/2.3.4/owl.carousel.min.js]
[cdn.jsdelivr.net/particles.js/2.0.0/particles.min.js]
[kvlsrg.github.io/jquery-custom-select/dist/js/jquery.custom-selectbbd7.js]
[cdn.jsdelivr.net/npm/select2@4.1.0-rc.0/dist/js/select2.min.js]
[cdn.jsdelivr.net/npm/popper.js@1.16.1/dist/umd/popper.min.js]
[www.gropia.net/main/themes/default/theme/assets/js/edit91c4.js]
[www.gropia.net/main/themes/default/theme/assets/js/main91c4.js]
[www.gropia.net/main/includes/packages/layouts/shopping-cart/js/edit91c4.js]
[www.gropia.net/index.html]
[www.gropia.net/main/themes/default/theme/assets/fonts/fontawesome/fa-brands-400.woff2]
[www.gropia.net/main/themes/default/theme/assets/fonts/fontawesome/fa-regular-400.woff2]
[www.gropia.net/main/themes/default/theme/assets/fonts/fontawesome/fa-brands-400.ttf]
[www.gropia.net/main/themes/default/theme/assets/fonts/fontawesome/fa-regular-400.ttf]
[www.gropia.net/main/themes/default/theme/assets/fonts/fontawesome/fa-solid-900.woff2]
[www.gropia.net/main/themes/default/theme/assets/fonts/fontawesome/fa-solid-900.ttf]
[www.gropia.net/main/themes/default/theme/assets/fonts/fontawesome/fa-v4compatibility.woff2]
[www.gropia.net/main/themes/default/theme/assets/css/fontawesome-all.min91c4.css]
[www.gropia.net/main/themes/default/theme/assets/fonts/fontawesome/fa-v4compatibility.ttf]
[www.gropia.net/main/themes/default/theme/assets/fonts/poppins/pxiGyp8kv8JHgFVrLPTucXtAKPY.woff2]
[www.gropia.net/main/themes/default/theme/assets/fonts/poppins/pxiGyp8kv8JHgFVrLPTufntAKPY.woff2]
[www.gropia.net/main/themes/default/theme/assets/fonts/poppins/pxiGyp8kv8JHgFVrLPTucHtA.woff2]
[www.gropia.net/main/themes/default/theme/assets/fonts/poppins/pxiByp8kv8JHgFVrLFj_Z11lFc-K.woff2]
[www.gropia.net/main/themes/default/theme/assets/fonts/poppins/pxiByp8kv8JHgFVrLFj_Z1JlFc-K.woff2]
[www.gropia.net/main/themes/default/theme/assets/fonts/poppins/pxiByp8kv8JHgFVrLFj_Z1xlFQ.woff2]
[www.gropia.net/main/themes/default/theme/assets/fonts/poppins/pxiByp8kv8JHgFVrLDz8Z11lFc-K.woff2]
[www.gropia.net/main/themes/default/theme/assets/fonts/poppins/pxiByp8kv8JHgFVrLDz8Z1JlFc-K.woff2]
[www.gropia.net/main/themes/default/theme/assets/fonts/poppins/pxiByp8kv8JHgFVrLDz8Z1xlFQ.woff2]
[www.gropia.net/main/themes/default/theme/assets/fonts/poppins/pxiEyp8kv8JHgFVrJJbecmNE.woff2]
[www.gropia.net/main/themes/default/theme/assets/fonts/poppins/pxiEyp8kv8JHgFVrJJnecmNE.woff2]
[www.gropia.net/main/themes/default/theme/assets/fonts/poppins/pxiEyp8kv8JHgFVrJJfecg.woff2]
[www.gropia.net/main/themes/default/theme/assets/fonts/poppins/pxiByp8kv8JHgFVrLGT9Z11lFc-K.woff2]
[www.gropia.net/main/themes/default/theme/assets/fonts/poppins/pxiByp8kv8JHgFVrLGT9Z1JlFc-K.woff2]
[www.gropia.net/main/themes/default/theme/assets/fonts/poppins/pxiByp8kv8JHgFVrLGT9Z1xlFQ.woff2]
[www.gropia.net/main/themes/default/theme/assets/fonts/poppins/pxiByp8kv8JHgFVrLEj6Z11lFc-K.woff2]
[www.gropia.net/main/themes/default/theme/assets/fonts/poppins/pxiByp8kv8JHgFVrLEj6Z1JlFc-K.woff2]
[www.gropia.net/main/themes/default/theme/assets/fonts/poppins/pxiByp8kv8JHgFVrLEj6Z1xlFQ.woff2]
[www.gropia.net/main/themes/default/theme/assets/fonts/poppins/pxiByp8kv8JHgFVrLCz7Z11lFc-K.woff2]
[www.gropia.net/main/themes/default/theme/assets/fonts/poppins/pxiByp8kv8JHgFVrLCz7Z1JlFc-K.woff2]
[www.gropia.net/main/themes/default/theme/assets/fonts/poppins/pxiByp8kv8JHgFVrLCz7Z1xlFQ.woff2]
[www.gropia.net/main/themes/default/theme/assets/fonts/poppins/pxiByp8kv8JHgFVrLDD4Z11lFc-K.woff2]
[www.gropia.net/main/themes/default/theme/assets/fonts/poppins/pxiByp8kv8JHgFVrLDD4Z1JlFc-K.woff2]
[www.gropia.net/main/themes/default/theme/assets/fonts/poppins/pxiByp8kv8JHgFVrLDD4Z1xlFQ.woff2]
[www.gropia.net/main/themes/default/theme/assets/fonts/poppins/pxiByp8kv8JHgFVrLBT5Z11lFc-K.woff2]
[www.gropia.net/main/themes/default/theme/assets/fonts/poppins/pxiByp8kv8JHgFVrLBT5Z1JlFc-K.woff2]
[www.gropia.net/main/themes/default/theme/assets/fonts/poppins/pxiByp8kv8JHgFVrLBT5Z1xlFQ.woff2]
[www.gropia.net/main/themes/default/theme/assets/fonts/import/Poppins91c4.css]
[www.gropia.net/main/themes/default/theme/assets/fonts/nunito/XRXV3I6Li01BKofIOOaBXso.woff2]
[www.gropia.net/main/themes/default/theme/assets/fonts/nunito/XRXV3I6Li01BKofIMeaBXso.woff2]
[www.gropia.net/main/themes/default/theme/assets/fonts/nunito/XRXV3I6Li01BKofIOuaBXso.woff2]
[www.gropia.net/main/themes/default/theme/assets/fonts/nunito/XRXV3I6Li01BKofIO-aBXso.woff2]
[www.gropia.net/main/themes/default/theme/assets/fonts/nunito/XRXV3I6Li01BKofINeaB.woff2]
[www.gropia.net/main/themes/default/theme/assets/fonts/import/Nunito91c4.css]
[www.gropia.net/main/themes/default/theme/assets/libraries/sweatalert2/sweatalert291c4.css]
[cdn.jsdelivr.net/npm/select2@4.1.0-rc.0/dist/css/select2.min.css]
[www.gropia.net/main/themes/default/theme/assets/fonts/minecraft/minecraftia.woff]
[i.ibb.co/XLqQQD3/play-mc-button.png]
[www.gropia.net/main/themes/default/theme/assets/css/main.min91c4.css]
[www.gropia.net/main/themes/default/theme/assets/css/dark91c4.css]
[www.gropia.net/main/themes/default/theme/assets/css/owl.video.play.png]
[www.gropia.net/main/themes/default/theme/assets/css/owl.carousel.min91c4.css]
[www.gropia.net/main/themes/default/theme/assets/css/owl.theme.default.min91c4.css]
[www.google.com/recaptcha/api9e3e.js]
[www.gropia.net/assets/uploads/images/landing/header/default.jpeg]
[www.gropia.net/yasaklananlar.html]
[www.gropia.net/gizlilik-sozlesmesi.html]
[www.gropia.net/sifremi-unuttum.html]
[www.gropia.net/login2840.html]
[www.gropia.net/assets/uploads/images/landing/images/default/z9V5I7m8F10J8.jpg]
[www.gropia.net/assets/uploads/images/store/category/l5Y7X3h5Y6C3.png]
[www.gropia.net/magaza/emekskyblock/vip-uyelik/1.html]
[www.gropia.net/assets/uploads/images/store/category/b4Y2I8c3U6W2.png]
[www.gropia.net/magaza/emekskyblock/anahtar/2.html]
[www.gropia.net/assets/uploads/images/store/category/w6R9E5l10Y3C10.png]
[www.gropia.net/magaza/emekskyblock/spawner/3.html]
[www.gropia.net/assets/uploads/images/store/category/n1H1K10r4F10S4.png]
[www.gropia.net/magaza/emekskyblock/paketler/4.html]
[www.gropia.net/main/includes/packages/layouts/store/js/edit91c4.js]
[www.gropia.net/magaza/emekskyblock/1.html]
[www.gropia.net/loginb34e.html]
[www.gropia.net/main/includes/packages/layouts/help-center/js/edit91c4.js]
[www.gropia.net/yardim-merkezi.html]
[www.gropia.net/login8c7d.html]
[www.gropia.net/banned.html]
[www.gropia.net/kurallar.html]
[www.gropia.net/giris-yap.html]
[www.gropia.net/kayit-ol.html]
[www.gropia.net/haberler.html]
[www.gropia.net/login3e96.html]
[www.gropia.net/loginf762.html]
[www.gropia.net/login9a1a.html]
[www.gropia.net/login1f63.html]
[www.gropia.net/login73c2.html]
[www.gropia.net/loginaacf.html]
[www.gropia.net/login44d3.html]
[www.gropia.net/main/themes/default/theme/assets/css/owl.video.play.html]
[www.gropia.net/assets/uploads/images/landing/header/default.html]
[www.gropia.net/login.html]
[www.gropia.net/register.html]
[www.gropia.net/login2ada.html]
[www.gropia.net/login1305.html]
[www.gropia.net/login9c96.html]
[www.gropia.net/login5d81.html]
[www.gropia.net/loginc451.html]
[www.gropia.net/login1bfa.html]
[www.gropia.net/loginfc3e.html]
[www.gropia.net/logind865.html]
[www.gropia.net/yasaklananlar.html]
[www.gropia.net/privacy-policy.html]
[www.gropia.net/gizlilik-sozlesmesi.html]
[www.google.com/recaptcha/api3570.js]
[www.gropia.net/help-center.html]
[www.gropia.net/rules.html]
[www.gropia.net/sifremi-unuttum.html]
[www.gropia.net/store/emekskyblock/1.html]
[www.gropia.net/store/emekskyblock/vip-uyelik/1.html]
[www.gropia.net/store/emekskyblock/anahtar/2.html]
[www.gropia.net/store/emekskyblock/spawner/3.html]
[www.gropia.net/store/emekskyblock/paketler/4.html]
[www.gropia.net/assets/uploads/images/store/product/avatar/a2Q3Q9q5Z5N8.png]
[www.gropia.net/store/emekskyblock/vip-uyelik/vip/1.html]
[www.gropia.net/assets/uploads/images/store/product/avatar/r8F5Q6a1H3O9.png]
[www.gropia.net/store/emekskyblock/vip-uyelik/vip/2.html]
[www.gropia.net/assets/uploads/images/store/product/avatar/m10X9P8q10U9U9.png]
[www.gropia.net/store/emekskyblock/vip-uyelik/mvip/3.html]
[www.gropia.net/assets/uploads/images/store/product/avatar/k7W4C7y10N2E8.png]
[www.gropia.net/store/emekskyblock/vip-uyelik/mvip/4.html]
[www.gropia.net/assets/uploads/images/store/product/avatar/c3C10U10z1N3V9.png]
[www.gropia.net/store/emekskyblock/vip-uyelik/gvip/20.html]
[www.gropia.net/magaza/emekskyblock/vip-uyelik/1.html]
[www.gropia.net/assets/uploads/images/store/product/avatar/n3M7I1f4T1G1.png]
[www.gropia.net/store/emekskyblock/anahtar/sans-anahtari/6.html]
[www.gropia.net/assets/uploads/images/store/product/avatar/k4J5S8v6A7Z4.png]
[www.gropia.net/store/emekskyblock/anahtar/gropia-anahtari/5.html]
[www.gropia.net/assets/uploads/images/store/product/avatar/m7K10X2m5G10M5.png]
[www.gropia.net/store/emekskyblock/anahtar/artemis-anahtari/7.html]
[www.gropia.net/assets/uploads/images/store/product/avatar/y6M1L4o5P8F3.png]
[www.gropia.net/store/emekskyblock/anahtar/sohret-anahtari/8.html]
[www.gropia.net/assets/uploads/images/store/product/avatar/y1U6K2x1J2B6.png]
[www.gropia.net/store/emekskyblock/anahtar/efsanevi-anahtari/9.html]
[www.gropia.net/magaza/emekskyblock/anahtar/2.html]
[www.gropia.net/assets/uploads/images/store/product/avatar/e9C7D4m9I7M3.png]
[www.gropia.net/store/emekskyblock/spawner/tavuk-sp/10.html]
[www.gropia.net/assets/uploads/images/store/product/avatar/f5V8L1b6R10O9.png]
[www.gropia.net/store/emekskyblock/spawner/inek-sp/11.html]
[www.gropia.net/assets/uploads/images/store/product/avatar/j5W3W8f9E9E3.png]
[www.gropia.net/store/emekskyblock/spawner/koyun-sp/12.html]
[www.gropia.net/assets/uploads/images/store/product/avatar/n6F9Q2i3B4D4.png]
[www.gropia.net/store/emekskyblock/spawner/domuz-sp/13.html]
[www.gropia.net/assets/uploads/images/store/product/avatar/5T2X5g10K10M5.png]
[www.gropia.net/store/emekskyblock/spawner/iskelet-sp/14.html]
[www.gropia.net/assets/uploads/images/store/product/avatar/o1Q2Q5q3I5N1.png]
[www.gropia.net/store/emekskyblock/spawner/zombi-sp/15.html]
[www.gropia.net/assets/uploads/images/store/product/avatar/u3W2E8z1A8I1.png]
[www.gropia.net/store/emekskyblock/spawner/orumcek-sp/16.html]
[www.gropia.net/assets/uploads/images/store/product/avatar/o4K9U5g7Y9X4.png]
[www.gropia.net/store/emekskyblock/spawner/creeper-sp/17.html]
[www.gropia.net/assets/uploads/images/store/product/avatar/g8D10G9m2G7N9.png]
[www.gropia.net/store/emekskyblock/spawner/zombi-domuz-adam-sp/18.html]
[www.gropia.net/assets/uploads/images/store/product/avatar/w1N4L2k4A7Z3.png]
[www.gropia.net/store/emekskyblock/spawner/golem-sp/19.html]
[www.gropia.net/magaza/emekskyblock/spawner/3.html]
[www.gropia.net/assets/uploads/images/store/product/avatar/t1I85a8O2Z10.png]
[www.gropia.net/assets/uploads/images/store/product/avatar/f8A3P1h8S3P1.png]
[www.gropia.net/store/emekskyblock/paketler/gvip-zombi-d-adam/24.html]
[www.gropia.net/store/emekskyblock/paketler/gvip-golem/25.html]
[www.gropia.net/magaza/emekskyblock/paketler/4.html]
[www.gropia.net/recovery.html]
[www.gropia.net/loginb34e.html]
[www.gropia.net/login.html]
[www.gropia.net/register.html]
[www.gropia.net/login2ada.html]
[www.gropia.net/login1305.html]
[www.gropia.net/login9c96.html]
[www.gropia.net/login5d81.html]
[www.gropia.net/loginc451.html]
[www.gropia.net/login1bfa.html]
[www.gropia.net/loginfc3e.html]
[www.gropia.net/logind865.html]
[www.gropia.net/privacy-policy.html]
[www.gropia.net/login39b3.html]
[www.gropia.net/login7196.html]
[www.gropia.net/help-center.html]
[www.gropia.net/rules.html]
[www.gropia.net/store/emekskyblock/1.html]
[www.gropia.net/store/emekskyblock/vip-uyelik/1.html]
[www.gropia.net/store/emekskyblock/anahtar/2.html]
[www.gropia.net/store/emekskyblock/spawner/3.html]
[www.gropia.net/store/emekskyblock/paketler/4.html]
[www.gropia.net/assets/uploads/images/store/product/poster/a3Y1M10h5D3J6.png]
[www.gropia.net/store/emekskyblock/vip-uyelik/vip/1.html]
[www.gropia.net/assets/uploads/images/store/product/poster/a6G6R3h6S6D10.png]
[www.gropia.net/store/emekskyblock/vip-uyelik/vip/2.html]
[www.gropia.net/assets/uploads/images/store/product/poster/z6S3Z8w8S6T1.png]
[www.gropia.net/store/emekskyblock/vip-uyelik/mvip/3.html]
[www.gropia.net/assets/uploads/images/store/product/poster/t10T6O9c10U10L6.png]
[www.gropia.net/store/emekskyblock/vip-uyelik/mvip/4.html]
[www.gropia.net/assets/uploads/images/store/product/poster/r7K5S55G10D1.png]
[www.gropia.net/store/emekskyblock/vip-uyelik/gvip/20.html]
[www.gropia.net/assets/uploads/images/store/product/poster/r4K5B2d4O101.png]
[www.gropia.net/store/emekskyblock/anahtar/sans-anahtari/6.html]
[www.gropia.net/assets/uploads/images/store/product/poster/b4Y3F2f5U10U8.png]
[www.gropia.net/store/emekskyblock/anahtar/gropia-anahtari/5.html]
[www.gropia.net/assets/uploads/images/store/product/poster/u2T1D5s8V2C9.png]
[www.gropia.net/store/emekskyblock/anahtar/artemis-anahtari/7.html]
[www.gropia.net/assets/uploads/images/store/product/poster/t6M7A3j1W2U1.png]
[www.gropia.net/store/emekskyblock/anahtar/sohret-anahtari/8.html]
[www.gropia.net/assets/uploads/images/store/product/poster/p9Y7V7f8D1I5.png]
[www.gropia.net/store/emekskyblock/anahtar/efsanevi-anahtari/9.html]
[www.gropia.net/store/emekskyblock/spawner/tavuk-sp/10.html]
[www.gropia.net/store/emekskyblock/spawner/inek-sp/11.html]
[www.gropia.net/store/emekskyblock/spawner/koyun-sp/12.html]
[www.gropia.net/store/emekskyblock/spawner/domuz-sp/13.html]
[www.gropia.net/store/emekskyblock/spawner/iskelet-sp/14.html]
[www.gropia.net/store/emekskyblock/spawner/zombi-sp/15.html]
[www.gropia.net/store/emekskyblock/spawner/orumcek-sp/16.html]
[www.gropia.net/store/emekskyblock/spawner/creeper-sp/17.html]
[www.gropia.net/store/emekskyblock/spawner/zombi-domuz-adam-sp/18.html]
[www.gropia.net/store/emekskyblock/spawner/golem-sp/19.html]
[www.gropia.net/assets/uploads/images/store/product/poster/k2Y2N6b5J6Z4.png]
[www.gropia.net/store/emekskyblock/paketler/gvip-zombi-d-adam/24.html]
[www.gropia.net/assets/uploads/images/store/product/poster/o9Q9R4i7Q2R7.png]
[www.gropia.net/store/emekskyblock/paketler/gvip-golem/25.html]
[www.gropia.net/recovery.html]
[www.gropia.net/login39b3.html]
[www.gropia.net/login7196.html]
